com\physioconnect\entity\Appointment$AppointmentBuilder.class
com\physioconnect\entity\PhysioService$PhysioServiceBuilder.class
com\physioconnect\entity\DoctorBreakTime.class
com\physioconnect\repository\DoctorBreakTimeRepository.class
com\physioconnect\dto\RegisterRequest.class
com\physioconnect\entity\DoctorAvailability$DoctorAvailabilityBuilder.class
com\physioconnect\entity\TimeSlot.class
com\physioconnect\security\RestAuthenticationEntryPoint.class
com\physioconnect\security\JwtService.class
com\physioconnect\exception\GlobalExceptionHandler.class
com\physioconnect\dto\ApiError.class
com\physioconnect\dto\UserResponse.class
com\physioconnect\entity\User.class
com\physioconnect\entity\DoctorAvailability.class
com\physioconnect\entity\TimeSlot$TimeSlotBuilder.class
com\physioconnect\repository\DoctorHolidayRepository.class
com\physioconnect\entity\DoctorBreakTime$DoctorBreakTimeBuilder.class
com\physioconnect\entity\User$UserBuilder.class
com\physioconnect\repository\TimeSlotRepository.class
com\physioconnect\exception\GlobalExceptionHandler$ApiError.class
com\physioconnect\repository\DoctorAvailabilityRepository.class
com\physioconnect\PhysioConnectApplication.class
com\physioconnect\repository\AppointmentRepository.class
com\physioconnect\dto\ChangePasswordRequest.class
com\physioconnect\entity\enums\PaymentStatus.class
com\physioconnect\exception\ResourceNotFoundException.class
com\physioconnect\service\RefreshTokenService.class
com\physioconnect\dto\TokenResponse.class
com\physioconnect\repository\LocationRepository.class
com\physioconnect\dto\ApiResponse.class
com\physioconnect\entity\enums\AppointmentStatus.class
com\physioconnect\entity\EmailVerificationToken$EmailVerificationTokenBuilder.class
com\physioconnect\entity\Location$LocationBuilder.class
com\physioconnect\entity\Patient$PatientBuilder.class
com\physioconnect\repository\RefreshTokenRepository.class
com\physioconnect\repository\DoctorRepository.class
com\physioconnect\entity\Doctor.class
com\physioconnect\entity\RefreshToken.class
com\physioconnect\dto\AuthResponse.class
com\physioconnect\entity\Appointment.class
com\physioconnect\entity\EmailVerificationToken.class
com\physioconnect\entity\PhysioService.class
com\physioconnect\entity\RefreshToken$RefreshTokenBuilder.class
com\physioconnect\entity\DoctorHoliday.class
com\physioconnect\entity\JwtRevocation.class
com\physioconnect\entity\enums\Gender.class
com\physioconnect\entity\Review.class
com\physioconnect\entity\Payment.class
com\physioconnect\security\ApiAccessDeniedHandler.class
com\physioconnect\service\JwtRevocationService.class
com\physioconnect\service\AuthService.class
com\physioconnect\config\SecurityConfig.class
com\physioconnect\security\CustomUserDetailsService.class
com\physioconnect\repository\ReviewRepository.class
com\physioconnect\repository\JwtRevocationRepository.class
com\physioconnect\dto\RegisterResponse.class
com\physioconnect\repository\PhysioServiceRepository.class
com\physioconnect\dto\LoginRequest.class
com\physioconnect\dto\ForgotPasswordRequest.class
com\physioconnect\controller\AuthController.class
com\physioconnect\service\MailService.class
com\physioconnect\dto\AuthResponse$Profile.class
com\physioconnect\entity\enums\Role.class
com\physioconnect\entity\Review$ReviewBuilder.class
com\physioconnect\repository\UserRepository.class
com\physioconnect\entity\Patient.class
com\physioconnect\dto\ResetPasswordRequest.class
com\physioconnect\entity\enums\SlotStatus.class
com\physioconnect\entity\JwtRevocation$JwtRevocationBuilder.class
com\physioconnect\exception\BadRequestException.class
com\physioconnect\repository\PaymentRepository.class
com\physioconnect\entity\Doctor$DoctorBuilder.class
com\physioconnect\entity\Payment$PaymentBuilder.class
com\physioconnect\repository\EmailVerificationTokenRepository.class
com\physioconnect\repository\PatientRepository.class
com\physioconnect\entity\DoctorHoliday$DoctorHolidayBuilder.class
com\physioconnect\entity\Location.class
com\physioconnect\security\JwtAuthenticationFilter.class
com\physioconnect\security\UserPrincipal.class
