C:\Users\daya1\OneDrive\Desktop\PhysioConnect\PhysioConnect\physioconnect 2\src\main\java\com\physioconnect\config\SecurityConfig.java
C:\Users\daya1\OneDrive\Desktop\PhysioConnect\PhysioConnect\physioconnect 2\src\main\java\com\physioconnect\controller\AuthController.java
C:\Users\daya1\OneDrive\Desktop\PhysioConnect\PhysioConnect\physioconnect 2\src\main\java\com\physioconnect\dto\ApiError.java
C:\Users\daya1\OneDrive\Desktop\PhysioConnect\PhysioConnect\physioconnect 2\src\main\java\com\physioconnect\dto\ApiResponse.java
C:\Users\daya1\OneDrive\Desktop\PhysioConnect\PhysioConnect\physioconnect 2\src\main\java\com\physioconnect\dto\AuthResponse.java
C:\Users\daya1\OneDrive\Desktop\PhysioConnect\PhysioConnect\physioconnect 2\src\main\java\com\physioconnect\dto\ChangePasswordRequest.java
C:\Users\daya1\OneDrive\Desktop\PhysioConnect\PhysioConnect\physioconnect 2\src\main\java\com\physioconnect\dto\ForgotPasswordRequest.java
C:\Users\daya1\OneDrive\Desktop\PhysioConnect\PhysioConnect\physioconnect 2\src\main\java\com\physioconnect\dto\LoginRequest.java
C:\Users\daya1\OneDrive\Desktop\PhysioConnect\PhysioConnect\physioconnect 2\src\main\java\com\physioconnect\dto\RegisterRequest.java
C:\Users\daya1\OneDrive\Desktop\PhysioConnect\PhysioConnect\physioconnect 2\src\main\java\com\physioconnect\dto\RegisterResponse.java
C:\Users\daya1\OneDrive\Desktop\PhysioConnect\PhysioConnect\physioconnect 2\src\main\java\com\physioconnect\dto\ResetPasswordRequest.java
C:\Users\daya1\OneDrive\Desktop\PhysioConnect\PhysioConnect\physioconnect 2\src\main\java\com\physioconnect\dto\TokenResponse.java
C:\Users\daya1\OneDrive\Desktop\PhysioConnect\PhysioConnect\physioconnect 2\src\main\java\com\physioconnect\dto\UserResponse.java
C:\Users\daya1\OneDrive\Desktop\PhysioConnect\PhysioConnect\physioconnect 2\src\main\java\com\physioconnect\entity\Appointment.java
C:\Users\daya1\OneDrive\Desktop\PhysioConnect\PhysioConnect\physioconnect 2\src\main\java\com\physioconnect\entity\Doctor.java
C:\Users\daya1\OneDrive\Desktop\PhysioConnect\PhysioConnect\physioconnect 2\src\main\java\com\physioconnect\entity\DoctorAvailability.java
C:\Users\daya1\OneDrive\Desktop\PhysioConnect\PhysioConnect\physioconnect 2\src\main\java\com\physioconnect\entity\DoctorBreakTime.java
C:\Users\daya1\OneDrive\Desktop\PhysioConnect\PhysioConnect\physioconnect 2\src\main\java\com\physioconnect\entity\DoctorHoliday.java
C:\Users\daya1\OneDrive\Desktop\PhysioConnect\PhysioConnect\physioconnect 2\src\main\java\com\physioconnect\entity\EmailVerificationToken.java
C:\Users\daya1\OneDrive\Desktop\PhysioConnect\PhysioConnect\physioconnect 2\src\main\java\com\physioconnect\entity\enums\AppointmentStatus.java
C:\Users\daya1\OneDrive\Desktop\PhysioConnect\PhysioConnect\physioconnect 2\src\main\java\com\physioconnect\entity\enums\Gender.java
C:\Users\daya1\OneDrive\Desktop\PhysioConnect\PhysioConnect\physioconnect 2\src\main\java\com\physioconnect\entity\enums\PaymentStatus.java
C:\Users\daya1\OneDrive\Desktop\PhysioConnect\PhysioConnect\physioconnect 2\src\main\java\com\physioconnect\entity\enums\Role.java
C:\Users\daya1\OneDrive\Desktop\PhysioConnect\PhysioConnect\physioconnect 2\src\main\java\com\physioconnect\entity\enums\SlotStatus.java
C:\Users\daya1\OneDrive\Desktop\PhysioConnect\PhysioConnect\physioconnect 2\src\main\java\com\physioconnect\entity\JwtRevocation.java
C:\Users\daya1\OneDrive\Desktop\PhysioConnect\PhysioConnect\physioconnect 2\src\main\java\com\physioconnect\entity\Location.java
C:\Users\daya1\OneDrive\Desktop\PhysioConnect\PhysioConnect\physioconnect 2\src\main\java\com\physioconnect\entity\Patient.java
C:\Users\daya1\OneDrive\Desktop\PhysioConnect\PhysioConnect\physioconnect 2\src\main\java\com\physioconnect\entity\Payment.java
C:\Users\daya1\OneDrive\Desktop\PhysioConnect\PhysioConnect\physioconnect 2\src\main\java\com\physioconnect\entity\PhysioService.java
C:\Users\daya1\OneDrive\Desktop\PhysioConnect\PhysioConnect\physioconnect 2\src\main\java\com\physioconnect\entity\RefreshToken.java
C:\Users\daya1\OneDrive\Desktop\PhysioConnect\PhysioConnect\physioconnect 2\src\main\java\com\physioconnect\entity\Review.java
C:\Users\daya1\OneDrive\Desktop\PhysioConnect\PhysioConnect\physioconnect 2\src\main\java\com\physioconnect\entity\TimeSlot.java
C:\Users\daya1\OneDrive\Desktop\PhysioConnect\PhysioConnect\physioconnect 2\src\main\java\com\physioconnect\entity\User.java
C:\Users\daya1\OneDrive\Desktop\PhysioConnect\PhysioConnect\physioconnect 2\src\main\java\com\physioconnect\exception\BadRequestException.java
C:\Users\daya1\OneDrive\Desktop\PhysioConnect\PhysioConnect\physioconnect 2\src\main\java\com\physioconnect\exception\GlobalExceptionHandler.java
C:\Users\daya1\OneDrive\Desktop\PhysioConnect\PhysioConnect\physioconnect 2\src\main\java\com\physioconnect\exception\ResourceNotFoundException.java
C:\Users\daya1\OneDrive\Desktop\PhysioConnect\PhysioConnect\physioconnect 2\src\main\java\com\physioconnect\PhysioConnectApplication.java
C:\Users\daya1\OneDrive\Desktop\PhysioConnect\PhysioConnect\physioconnect 2\src\main\java\com\physioconnect\repository\AppointmentRepository.java
C:\Users\daya1\OneDrive\Desktop\PhysioConnect\PhysioConnect\physioconnect 2\src\main\java\com\physioconnect\repository\DoctorAvailabilityRepository.java
C:\Users\daya1\OneDrive\Desktop\PhysioConnect\PhysioConnect\physioconnect 2\src\main\java\com\physioconnect\repository\DoctorBreakTimeRepository.java
C:\Users\daya1\OneDrive\Desktop\PhysioConnect\PhysioConnect\physioconnect 2\src\main\java\com\physioconnect\repository\DoctorHolidayRepository.java
C:\Users\daya1\OneDrive\Desktop\PhysioConnect\PhysioConnect\physioconnect 2\src\main\java\com\physioconnect\repository\DoctorRepository.java
C:\Users\daya1\OneDrive\Desktop\PhysioConnect\PhysioConnect\physioconnect 2\src\main\java\com\physioconnect\repository\EmailVerificationTokenRepository.java
C:\Users\daya1\OneDrive\Desktop\PhysioConnect\PhysioConnect\physioconnect 2\src\main\java\com\physioconnect\repository\JwtRevocationRepository.java
C:\Users\daya1\OneDrive\Desktop\PhysioConnect\PhysioConnect\physioconnect 2\src\main\java\com\physioconnect\repository\LocationRepository.java
C:\Users\daya1\OneDrive\Desktop\PhysioConnect\PhysioConnect\physioconnect 2\src\main\java\com\physioconnect\repository\PatientRepository.java
C:\Users\daya1\OneDrive\Desktop\PhysioConnect\PhysioConnect\physioconnect 2\src\main\java\com\physioconnect\repository\PaymentRepository.java
C:\Users\daya1\OneDrive\Desktop\PhysioConnect\PhysioConnect\physioconnect 2\src\main\java\com\physioconnect\repository\PhysioServiceRepository.java
C:\Users\daya1\OneDrive\Desktop\PhysioConnect\PhysioConnect\physioconnect 2\src\main\java\com\physioconnect\repository\RefreshTokenRepository.java
C:\Users\daya1\OneDrive\Desktop\PhysioConnect\PhysioConnect\physioconnect 2\src\main\java\com\physioconnect\repository\ReviewRepository.java
C:\Users\daya1\OneDrive\Desktop\PhysioConnect\PhysioConnect\physioconnect 2\src\main\java\com\physioconnect\repository\TimeSlotRepository.java
C:\Users\daya1\OneDrive\Desktop\PhysioConnect\PhysioConnect\physioconnect 2\src\main\java\com\physioconnect\repository\UserRepository.java
C:\Users\daya1\OneDrive\Desktop\PhysioConnect\PhysioConnect\physioconnect 2\src\main\java\com\physioconnect\security\ApiAccessDeniedHandler.java
C:\Users\daya1\OneDrive\Desktop\PhysioConnect\PhysioConnect\physioconnect 2\src\main\java\com\physioconnect\security\CustomUserDetailsService.java
C:\Users\daya1\OneDrive\Desktop\PhysioConnect\PhysioConnect\physioconnect 2\src\main\java\com\physioconnect\security\JwtAuthenticationFilter.java
C:\Users\daya1\OneDrive\Desktop\PhysioConnect\PhysioConnect\physioconnect 2\src\main\java\com\physioconnect\security\JwtService.java
C:\Users\daya1\OneDrive\Desktop\PhysioConnect\PhysioConnect\physioconnect 2\src\main\java\com\physioconnect\security\RestAuthenticationEntryPoint.java
C:\Users\daya1\OneDrive\Desktop\PhysioConnect\PhysioConnect\physioconnect 2\src\main\java\com\physioconnect\security\UserPrincipal.java
C:\Users\daya1\OneDrive\Desktop\PhysioConnect\PhysioConnect\physioconnect 2\src\main\java\com\physioconnect\service\AuthService.java
C:\Users\daya1\OneDrive\Desktop\PhysioConnect\PhysioConnect\physioconnect 2\src\main\java\com\physioconnect\service\JwtRevocationService.java
C:\Users\daya1\OneDrive\Desktop\PhysioConnect\PhysioConnect\physioconnect 2\src\main\java\com\physioconnect\service\MailService.java
C:\Users\daya1\OneDrive\Desktop\PhysioConnect\PhysioConnect\physioconnect 2\src\main\java\com\physioconnect\service\RefreshTokenService.java
